// Jest Snapshot v1, https://goo.gl/fbAQLP

exports[`Landing component should match the snapshot 1`] = `"<div><h1>Landing</h1></div>"`;
