// Jest Snapshot v1, https://goo.gl/fbAQLP

exports[`Navigation component should match the snapshot 1`] = `
ShallowWrapper {
  Symbol(enzyme.__root__): [Circular],
  Symbol(enzyme.__unrendered__): <Navigation
    favoritesData={
        Array [
            Object {
              "favorite": true,
              "name": "Luke Skywalker",
              "planet": "Tatooine",
              "population": "200000",
              "species": "Human",
            },
            Object {
              "favorite": false,
              "name": "C-3PO",
              "planet": "Tatooine",
              "population": "200000",
              "species": "Droid",
            },
          ]
    }
/>,
  Symbol(enzyme.__renderer__): Object {
    "batchedUpdates": [Function],
    "getNode": [Function],
    "render": [Function],
    "simulateEvent": [Function],
    "unmount": [Function],
  },
  Symbol(enzyme.__node__): Object {
    "instance": null,
    "key": undefined,
    "nodeType": "function",
    "props": Object {
      "children": Array [
        <NavLink
          activeClassName="active"
          aria-current="page"
          className="nav-link"
          exact={true}
          to="/"
>
          <img
                    alt="star wars logo"
                    className="brand-image"
                    src="starWarsLogoOneLine.png"
          />
</NavLink>,
        <nav
          className="nav-btns"
>
          <NavLink
                    activeClassName="active"
                    activeStyle={
                              Object {
                                        "color": "#feda4a",
                                      }
                    }
                    aria-current="page"
                    className="nav-link"
                    exact={true}
                    to="/people"
          >
                    People
          </NavLink>
          <NavLink
                    activeClassName="active"
                    activeStyle={
                              Object {
                                        "color": "#feda4a",
                                      }
                    }
                    aria-current="page"
                    className="nav-link"
                    exact={true}
                    to="/planets"
          >
                    Planets
          </NavLink>
          <NavLink
                    activeClassName="active"
                    activeStyle={
                              Object {
                                        "color": "#feda4a",
                                      }
                    }
                    aria-current="page"
                    className="nav-link"
                    exact={true}
                    to="/vehicles"
          >
                    Vehicles
          </NavLink>
          <NavLink
                    activeClassName="active"
                    activeStyle={
                              Object {
                                        "color": "#feda4a",
                                      }
                    }
                    aria-current="page"
                    className="nav-link"
                    exact={true}
                    to="/favorites"
          >
                    Favorites (2)
          </NavLink>
</nav>,
      ],
    },
    "ref": null,
    "rendered": Array [
      Object {
        "instance": null,
        "key": undefined,
        "nodeType": "function",
        "props": Object {
          "activeClassName": "active",
          "aria-current": "page",
          "children": <img
            alt="star wars logo"
            className="brand-image"
            src="starWarsLogoOneLine.png"
/>,
          "className": "nav-link",
          "exact": true,
          "to": "/",
        },
        "ref": null,
        "rendered": Object {
          "instance": null,
          "key": undefined,
          "nodeType": "host",
          "props": Object {
            "alt": "star wars logo",
            "className": "brand-image",
            "src": "starWarsLogoOneLine.png",
          },
          "ref": null,
          "rendered": null,
          "type": "img",
        },
        "type": [Function],
      },
      Object {
        "instance": null,
        "key": undefined,
        "nodeType": "host",
        "props": Object {
          "children": Array [
            <NavLink
              activeClassName="active"
              activeStyle={
                            Object {
                                          "color": "#feda4a",
                                        }
              }
              aria-current="page"
              className="nav-link"
              exact={true}
              to="/people"
>
              People
</NavLink>,
            <NavLink
              activeClassName="active"
              activeStyle={
                            Object {
                                          "color": "#feda4a",
                                        }
              }
              aria-current="page"
              className="nav-link"
              exact={true}
              to="/planets"
>
              Planets
</NavLink>,
            <NavLink
              activeClassName="active"
              activeStyle={
                            Object {
                                          "color": "#feda4a",
                                        }
              }
              aria-current="page"
              className="nav-link"
              exact={true}
              to="/vehicles"
>
              Vehicles
</NavLink>,
            <NavLink
              activeClassName="active"
              activeStyle={
                            Object {
                                          "color": "#feda4a",
                                        }
              }
              aria-current="page"
              className="nav-link"
              exact={true}
              to="/favorites"
>
              Favorites (2)
</NavLink>,
          ],
          "className": "nav-btns",
        },
        "ref": null,
        "rendered": Array [
          Object {
            "instance": null,
            "key": undefined,
            "nodeType": "function",
            "props": Object {
              "activeClassName": "active",
              "activeStyle": Object {
                "color": "#feda4a",
              },
              "aria-current": "page",
              "children": "People",
              "className": "nav-link",
              "exact": true,
              "to": "/people",
            },
            "ref": null,
            "rendered": "People",
            "type": [Function],
          },
          Object {
            "instance": null,
            "key": undefined,
            "nodeType": "function",
            "props": Object {
              "activeClassName": "active",
              "activeStyle": Object {
                "color": "#feda4a",
              },
              "aria-current": "page",
              "children": "Planets",
              "className": "nav-link",
              "exact": true,
              "to": "/planets",
            },
            "ref": null,
            "rendered": "Planets",
            "type": [Function],
          },
          Object {
            "instance": null,
            "key": undefined,
            "nodeType": "function",
            "props": Object {
              "activeClassName": "active",
              "activeStyle": Object {
                "color": "#feda4a",
              },
              "aria-current": "page",
              "children": "Vehicles",
              "className": "nav-link",
              "exact": true,
              "to": "/vehicles",
            },
            "ref": null,
            "rendered": "Vehicles",
            "type": [Function],
          },
          Object {
            "instance": null,
            "key": undefined,
            "nodeType": "function",
            "props": Object {
              "activeClassName": "active",
              "activeStyle": Object {
                "color": "#feda4a",
              },
              "aria-current": "page",
              "children": "Favorites (2)",
              "className": "nav-link",
              "exact": true,
              "to": "/favorites",
            },
            "ref": null,
            "rendered": "Favorites (2)",
            "type": [Function],
          },
        ],
        "type": "nav",
      },
    ],
    "type": Symbol(react.fragment),
  },
  Symbol(enzyme.__nodes__): Array [
    Object {
      "instance": null,
      "key": undefined,
      "nodeType": "function",
      "props": Object {
        "children": Array [
          <NavLink
            activeClassName="active"
            aria-current="page"
            className="nav-link"
            exact={true}
            to="/"
>
            <img
                        alt="star wars logo"
                        className="brand-image"
                        src="starWarsLogoOneLine.png"
            />
</NavLink>,
          <nav
            className="nav-btns"
>
            <NavLink
                        activeClassName="active"
                        activeStyle={
                                    Object {
                                                "color": "#feda4a",
                                              }
                        }
                        aria-current="page"
                        className="nav-link"
                        exact={true}
                        to="/people"
            >
                        People
            </NavLink>
            <NavLink
                        activeClassName="active"
                        activeStyle={
                                    Object {
                                                "color": "#feda4a",
                                              }
                        }
                        aria-current="page"
                        className="nav-link"
                        exact={true}
                        to="/planets"
            >
                        Planets
            </NavLink>
            <NavLink
                        activeClassName="active"
                        activeStyle={
                                    Object {
                                                "color": "#feda4a",
                                              }
                        }
                        aria-current="page"
                        className="nav-link"
                        exact={true}
                        to="/vehicles"
            >
                        Vehicles
            </NavLink>
            <NavLink
                        activeClassName="active"
                        activeStyle={
                                    Object {
                                                "color": "#feda4a",
                                              }
                        }
                        aria-current="page"
                        className="nav-link"
                        exact={true}
                        to="/favorites"
            >
                        Favorites (2)
            </NavLink>
</nav>,
        ],
      },
      "ref": null,
      "rendered": Array [
        Object {
          "instance": null,
          "key": undefined,
          "nodeType": "function",
          "props": Object {
            "activeClassName": "active",
            "aria-current": "page",
            "children": <img
              alt="star wars logo"
              className="brand-image"
              src="starWarsLogoOneLine.png"
/>,
            "className": "nav-link",
            "exact": true,
            "to": "/",
          },
          "ref": null,
          "rendered": Object {
            "instance": null,
            "key": undefined,
            "nodeType": "host",
            "props": Object {
              "alt": "star wars logo",
              "className": "brand-image",
              "src": "starWarsLogoOneLine.png",
            },
            "ref": null,
            "rendered": null,
            "type": "img",
          },
          "type": [Function],
        },
        Object {
          "instance": null,
          "key": undefined,
          "nodeType": "host",
          "props": Object {
            "children": Array [
              <NavLink
                activeClassName="active"
                activeStyle={
                                Object {
                                                "color": "#feda4a",
                                              }
                }
                aria-current="page"
                className="nav-link"
                exact={true}
                to="/people"
>
                People
</NavLink>,
              <NavLink
                activeClassName="active"
                activeStyle={
                                Object {
                                                "color": "#feda4a",
                                              }
                }
                aria-current="page"
                className="nav-link"
                exact={true}
                to="/planets"
>
                Planets
</NavLink>,
              <NavLink
                activeClassName="active"
                activeStyle={
                                Object {
                                                "color": "#feda4a",
                                              }
                }
                aria-current="page"
                className="nav-link"
                exact={true}
                to="/vehicles"
>
                Vehicles
</NavLink>,
              <NavLink
                activeClassName="active"
                activeStyle={
                                Object {
                                                "color": "#feda4a",
                                              }
                }
                aria-current="page"
                className="nav-link"
                exact={true}
                to="/favorites"
>
                Favorites (2)
</NavLink>,
            ],
            "className": "nav-btns",
          },
          "ref": null,
          "rendered": Array [
            Object {
              "instance": null,
              "key": undefined,
              "nodeType": "function",
              "props": Object {
                "activeClassName": "active",
                "activeStyle": Object {
                  "color": "#feda4a",
                },
                "aria-current": "page",
                "children": "People",
                "className": "nav-link",
                "exact": true,
                "to": "/people",
              },
              "ref": null,
              "rendered": "People",
              "type": [Function],
            },
            Object {
              "instance": null,
              "key": undefined,
              "nodeType": "function",
              "props": Object {
                "activeClassName": "active",
                "activeStyle": Object {
                  "color": "#feda4a",
                },
                "aria-current": "page",
                "children": "Planets",
                "className": "nav-link",
                "exact": true,
                "to": "/planets",
              },
              "ref": null,
              "rendered": "Planets",
              "type": [Function],
            },
            Object {
              "instance": null,
              "key": undefined,
              "nodeType": "function",
              "props": Object {
                "activeClassName": "active",
                "activeStyle": Object {
                  "color": "#feda4a",
                },
                "aria-current": "page",
                "children": "Vehicles",
                "className": "nav-link",
                "exact": true,
                "to": "/vehicles",
              },
              "ref": null,
              "rendered": "Vehicles",
              "type": [Function],
            },
            Object {
              "instance": null,
              "key": undefined,
              "nodeType": "function",
              "props": Object {
                "activeClassName": "active",
                "activeStyle": Object {
                  "color": "#feda4a",
                },
                "aria-current": "page",
                "children": "Favorites (2)",
                "className": "nav-link",
                "exact": true,
                "to": "/favorites",
              },
              "ref": null,
              "rendered": "Favorites (2)",
              "type": [Function],
            },
          ],
          "type": "nav",
        },
      ],
      "type": Symbol(react.fragment),
    },
  ],
  Symbol(enzyme.__options__): Object {
    "adapter": ReactSixteenAdapter {
      "options": Object {
        "enableComponentDidUpdateOnSetState": true,
        "lifecycles": Object {
          "componentDidUpdate": Object {
            "onSetState": true,
          },
          "getSnapshotBeforeUpdate": true,
        },
      },
    },
    "attachTo": undefined,
    "hydrateIn": undefined,
  },
}
`;
